// Jest Snapshot v1, https://goo.gl/fbAQLP

exports[`Update Password Page Render should render correctly 1`] = `
<div
  style={
    Object {
      "backgroundColor": "#FFFFFF",
      "borderRadius": 5,
      "padding": 16,
    }
  }
>
  <Title
    level={2}
    style={
      Object {
        "marginBottom": 20,
      }
    }
  >
    Update Password
  </Title>
  <Form
    colon={true}
    hideRequiredMark={false}
    labelCol={
      Object {
        "sm": Object {
          "span": 6,
        },
        "xs": Object {
          "span": 24,
        },
      }
    }
    layout="horizontal"
    onSubmit={[Function]}
    wrapperCol={
      Object {
        "lg": Object {
          "span": 8,
        },
        "sm": Object {
          "span": 12,
        },
        "xs": Object {
          "span": 24,
        },
      }
    }
  >
    <FormItem
      hasFeedback={false}
      help=""
      label="Password"
      validateStatus=""
    >
      <Password
        action="click"
        inputPrefixCls="ant-input"
        name="password"
        onChange={[Function]}
        prefixCls="ant-input-password"
        visibilityToggle={true}
      />
    </FormItem>
    <FormItem
      hasFeedback={false}
      help=""
      label="New Password"
      validateStatus=""
    >
      <Password
        action="click"
        inputPrefixCls="ant-input"
        name="new-password"
        onChange={[Function]}
        prefixCls="ant-input-password"
        visibilityToggle={true}
      />
    </FormItem>
    <FormItem
      hasFeedback={false}
      help=""
      label="Repeat New Password"
      validateStatus=""
    >
      <Password
        action="click"
        inputPrefixCls="ant-input"
        name="repeat-password"
        onChange={[Function]}
        prefixCls="ant-input-password"
        visibilityToggle={true}
      />
    </FormItem>
    <FormItem
      hasFeedback={false}
      wrapperCol={
        Object {
          "lg": Object {
            "offset": 6,
            "span": 8,
          },
          "sm": Object {
            "offset": 6,
            "span": 12,
          },
          "xs": Object {
            "offset": 0,
            "span": 24,
          },
        }
      }
    >
      <Button
        block={true}
        ghost={false}
        htmlType="submit"
        icon="save"
        loading={false}
        onClick={[Function]}
        type="primary"
      >
        Save
      </Button>
    </FormItem>
  </Form>
</div>
`;
