// Jest Snapshot v1, https://goo.gl/fbAQLP

exports[`Register Page Render should render correctly 1`] = `
<div
  className="Register"
>
  <Col
    lg={
      Object {
        "offset": 7,
        "span": 10,
      }
    }
    md={
      Object {
        "offset": 6,
        "span": 12,
      }
    }
    sm={
      Object {
        "offset": 4,
        "span": 16,
      }
    }
    xl={
      Object {
        "offset": 8,
        "span": 8,
      }
    }
    xs={
      Object {
        "offset": 1,
        "span": 22,
      }
    }
    xxl={
      Object {
        "offset": 9,
        "span": 6,
      }
    }
  >
    <Form
      className="form-box"
      colon={true}
      hideRequiredMark={false}
      layout="horizontal"
      onSubmit={[Function]}
    >
      <Title
        level={2}
        style={
          Object {
            "padding": "5px",
            "textAlign": "center",
          }
        }
      >
        Register
      </Title>
      <Title
        level={4}
        style={
          Object {
            "textAlign": "center",
          }
        }
        type="danger"
      />
      <FormItem
        hasFeedback={false}
        help=""
        label="E-mail"
        validateStatus=""
      >
        <Input
          disabled={false}
          name="email"
          onChange={[Function]}
          size="large"
          type="text"
        />
      </FormItem>
      <FormItem
        hasFeedback={false}
        help=""
        label="Username"
        validateStatus=""
      >
        <Input
          disabled={false}
          name="username"
          onChange={[Function]}
          size="large"
          type="text"
        />
      </FormItem>
      <FormItem
        hasFeedback={false}
        help=""
        label="Password"
        validateStatus=""
      >
        <Password
          action="click"
          inputPrefixCls="ant-input"
          name="password"
          onChange={[Function]}
          prefixCls="ant-input-password"
          size="large"
          visibilityToggle={true}
        />
      </FormItem>
      <FormItem
        hasFeedback={false}
        help=""
        label="Repeat Password"
        validateStatus=""
      >
        <Password
          action="click"
          inputPrefixCls="ant-input"
          name="repeat-password"
          onChange={[Function]}
          prefixCls="ant-input-password"
          size="large"
          visibilityToggle={true}
        />
      </FormItem>
      <Row
        gutter={0}
      >
        <Col
          style={
            Object {
              "textAlign": "center",
            }
          }
        >
          <Link
            to="/login"
          >
            Have an account? Login
          </Link>
        </Col>
      </Row>
      <FormItem
        hasFeedback={false}
      >
        <Button
          block={true}
          ghost={false}
          htmlType="submit"
          loading={false}
          onClick={[Function]}
          size="large"
          style={
            Object {
              "marginTop": 10,
            }
          }
          type="primary"
        >
          Register
        </Button>
      </FormItem>
    </Form>
  </Col>
</div>
`;
